[2026-08-15T09:59:09.729Z] GET https://github.com/samz905/pudding/blob/main/receipts/v0-core-2026-08-15.md → pending (?ms, ?B)
[2026-08-15T09:59:14.021Z] GET https://github.githubassets.com/assets/light-707b19cf061aa459.css → pending (?ms, ?B)
[2026-08-15T09:59:14.021Z] GET https://github.githubassets.com/assets/light_high_contrast-fc4b867e16562d12.css → 200 (801ms, ?B)
[2026-08-15T09:59:14.021Z] GET https://github.githubassets.com/assets/dark-93f3c6b445d800ff.css → 200 (737ms, 87137B)
[2026-08-15T09:59:14.021Z] GET https://github.githubassets.com/assets/dark_high_contrast-49511e11e3ed53a8.css → 200 (764ms, 87869B)
[2026-08-15T09:59:14.024Z] GET https://github.githubassets.com/assets/primer-primitives-9f1db623a2d85734.css → pending (?ms, ?B)
[2026-08-15T09:59:14.024Z] GET https://github.githubassets.com/assets/primer-73a0e2225731ad3f.css → pending (?ms, ?B)
[2026-08-15T09:59:14.024Z] GET https://github.githubassets.com/assets/global-558303a14f5c5e97.css → pending (?ms, ?B)
[2026-08-15T09:59:14.024Z] GET https://github.githubassets.com/assets/github-59fc16002818df36.css → pending (?ms, ?B)
[2026-08-15T09:59:14.024Z] GET https://github.githubassets.com/assets/repository-aea2d17ec2db3121.css → pending (?ms, ?B)
[2026-08-15T09:59:14.025Z] GET https://github.githubassets.com/assets/code-12d60eb17c94521c.css → pending (?ms, ?B)
[2026-08-15T09:59:14.058Z] GET https://github.githubassets.com/assets/high-contrast-cookie-3b456c1efccae649.js → pending (?ms, ?B)
[2026-08-15T09:59:14.058Z] GET https://github.githubassets.com/assets/wp-runtime-79c81489b36e213d.js → pending (?ms, ?B)
[2026-08-15T09:59:14.058Z] GET https://github.githubassets.com/assets/app-foundation-33f393e599bf3cff.js → pending (?ms, ?B)
[2026-08-15T09:59:14.058Z] GET https://github.githubassets.com/assets/app-runtime-c75b74c6c9da072c.js → pending (?ms, ?B)
[2026-08-15T09:59:14.058Z] GET https://github.githubassets.com/assets/fetch-utilities-13e6a2728cb8d6a4.js → pending (?ms, ?B)
[2026-08-15T09:59:14.058Z] GET https://github.githubassets.com/assets/78205-75aff589688e0be2.js → pending (?ms, ?B)
[2026-08-15T09:59:14.070Z] GET https://github.githubassets.com/assets/environment-2b360899a0398dfe.js → pending (?ms, ?B)
[2026-08-15T09:59:14.071Z] GET https://github.githubassets.com/assets/app-runtime.bed436009292e433.module.css → pending (?ms, ?B)
[2026-08-15T09:59:14.071Z] GET https://github.githubassets.com/assets/catalyst-fe76da6b29217672.js → pending (?ms, ?B)
[2026-08-15T09:59:14.071Z] GET https://github.githubassets.com/assets/selector-observer-31e911ea8e9046d3.js → pending (?ms, ?B)
[2026-08-15T09:59:14.071Z] GET https://github.githubassets.com/assets/relative-time-element-30f4d10f3776b4ac.js → pending (?ms, ?B)
[2026-08-15T09:59:14.071Z] GET https://github.githubassets.com/assets/296-cddf2922ea3a416c.js → pending (?ms, ?B)
[2026-08-15T09:59:14.071Z] GET https://github.githubassets.com/assets/816-29b762091e5033a9.js → pending (?ms, ?B)
[2026-08-15T09:59:14.071Z] GET https://github.githubassets.com/assets/65637-e357a8be37eda955.js → pending (?ms, ?B)
[2026-08-15T09:59:14.071Z] GET https://github.githubassets.com/assets/58494-8fde42aa50c63758.js → pending (?ms, ?B)
[2026-08-15T09:59:14.071Z] GET https://github.githubassets.com/assets/31721-903cd2b317a8cc03.js → pending (?ms, ?B)
[2026-08-15T09:59:14.071Z] GET https://github.githubassets.com/assets/46740-0a6e4901e467cc61.js → pending (?ms, ?B)
[2026-08-15T09:59:14.071Z] GET https://github.githubassets.com/assets/98944-e7414dc2340e0a21.js → pending (?ms, ?B)
[2026-08-15T09:59:14.071Z] GET https://github.githubassets.com/assets/github-elements-5b391913b9a5948b.js → pending (?ms, ?B)
[2026-08-15T09:59:14.071Z] GET https://github.githubassets.com/assets/element-registry-fd825f0217aa22be.js → pending (?ms, ?B)
[2026-08-15T09:59:14.071Z] GET https://github.githubassets.com/assets/runtime-helpers-b5a5a1cee32a4b87.js → pending (?ms, ?B)
[2026-08-15T09:59:14.071Z] GET https://github.githubassets.com/assets/aria-live-f791bd0decd4aed1.js → pending (?ms, ?B)
[2026-08-15T09:59:14.071Z] GET https://github.githubassets.com/assets/hotkey-18e2cf4c6aadb3ff.js → pending (?ms, ?B)
[2026-08-15T09:59:14.071Z] GET https://github.githubassets.com/assets/react-core-e6bc1d5f4c29bd44.js → pending (?ms, ?B)
[2026-08-15T09:59:14.072Z] GET https://github.githubassets.com/assets/react-lib-1c1e7314c65e556e.js → pending (?ms, ?B)
[2026-08-15T09:59:14.072Z] GET https://github.githubassets.com/assets/50841-f6411d024525940b.js → pending (?ms, ?B)
[2026-08-15T09:59:14.072Z] GET https://github.githubassets.com/assets/2761-3f26182ea6dd74be.js → pending (?ms, ?B)
[2026-08-15T09:59:14.072Z] GET https://github.githubassets.com/assets/88475-e7c45daacb58e0a3.js → pending (?ms, ?B)
[2026-08-15T09:59:14.072Z] GET https://github.githubassets.com/assets/26533-36c85461b011ffd5.js → pending (?ms, ?B)
[2026-08-15T09:59:14.072Z] GET https://github.githubassets.com/assets/3609-2a17d1c3e2ce7fe5.js → pending (?ms, ?B)
[2026-08-15T09:59:14.072Z] GET https://github.githubassets.com/assets/87644-7ec64f4e3cd64d13.js → pending (?ms, ?B)
[2026-08-15T09:59:14.072Z] GET https://github.githubassets.com/assets/21880-47ca44f5ec0ffba3.js → pending (?ms, ?B)
[2026-08-15T09:59:14.072Z] GET https://github.githubassets.com/assets/75145-7597929c9020acb6.js → pending (?ms, ?B)
[2026-08-15T09:59:14.072Z] GET https://github.githubassets.com/assets/29685-9b276fea68fdefcc.js → pending (?ms, ?B)
[2026-08-15T09:59:14.072Z] GET https://github.githubassets.com/assets/90775-fff03cb223239d89.js → pending (?ms, ?B)
[2026-08-15T09:59:14.072Z] GET https://github.githubassets.com/assets/55887-99a4521199610050.js → pending (?ms, ?B)
[2026-08-15T09:59:14.072Z] GET https://github.githubassets.com/assets/behaviors-a341f0170af776ce.js → pending (?ms, ?B)
[2026-08-15T09:59:14.072Z] GET https://github.githubassets.com/assets/react-core.601b7e4aedf10b2a.module.css → pending (?ms, ?B)
[2026-08-15T09:59:14.072Z] GET https://github.githubassets.com/assets/code-menu-8b19e97405977a25.js → pending (?ms, ?B)
[2026-08-15T09:59:14.072Z] GET https://github.githubassets.com/assets/primer-react-3e63dd60f91fc3ba.js → pending (?ms, ?B)
[2026-08-15T09:59:14.072Z] GET https://github.githubassets.com/assets/76256-72283498e260887e.js → pending (?ms, ?B)
[2026-08-15T09:59:14.072Z] GET https://github.githubassets.com/assets/71393-41834f9c99699fd4.js → pending (?ms, ?B)
[2026-08-15T09:59:14.072Z] GET https://github.githubassets.com/assets/437-e211f0d3b29f548a.js → pending (?ms, ?B)
[2026-08-15T09:59:14.073Z] GET https://github.githubassets.com/assets/2927-6545834de562a1fe.js → pending (?ms, ?B)
[2026-08-15T09:59:14.073Z] GET https://github.githubassets.com/assets/13365-ed074e3b0d62ce5b.js → pending (?ms, ?B)
[2026-08-15T09:59:14.073Z] GET https://github.githubassets.com/assets/7463-b9008e6ac564c75f.js → pending (?ms, ?B)
[2026-08-15T09:59:14.073Z] GET https://github.githubassets.com/assets/96305-2aea220328b24ac0.js → pending (?ms, ?B)
[2026-08-15T09:59:14.073Z] GET https://github.githubassets.com/assets/27600-7a9495310b3a045d.js → pending (?ms, ?B)
[2026-08-15T09:59:14.073Z] GET https://github.githubassets.com/assets/88493-eabaae5d94674ff7.js → pending (?ms, ?B)
[2026-08-15T09:59:14.073Z] GET https://github.githubassets.com/assets/47406-bb6ed5c0447cd8ee.js → pending (?ms, ?B)
[2026-08-15T09:59:14.073Z] GET https://github.githubassets.com/assets/76041-7042697a0321fd55.js → pending (?ms, ?B)
[2026-08-15T09:59:14.073Z] GET https://github.githubassets.com/assets/11294-438be97a7ccfa6d8.js → pending (?ms, ?B)
[2026-08-15T09:59:14.073Z] GET https://github.githubassets.com/assets/29802-349614a98d1cc8d8.js → pending (?ms, ?B)
[2026-08-15T09:59:14.073Z] GET https://github.githubassets.com/assets/6065-7268903736fcd489.js → pending (?ms, ?B)
[2026-08-15T09:59:14.073Z] GET https://github.githubassets.com/assets/28840-26cd0c2688c3adda.js → pending (?ms, ?B)
[2026-08-15T09:59:14.073Z] GET https://github.githubassets.com/assets/65390-8192b87a390f0f9d.js → pending (?ms, ?B)
[2026-08-15T09:59:14.073Z] GET https://github.githubassets.com/assets/72027-77bcba0f6edad982.js → pending (?ms, ?B)
[2026-08-15T09:59:14.073Z] GET https://github.githubassets.com/assets/40062-8a0280342e37bc65.js → pending (?ms, ?B)
[2026-08-15T09:59:14.073Z] GET https://github.githubassets.com/assets/84437-cd85c32623effe85.js → pending (?ms, ?B)
[2026-08-15T09:59:14.074Z] GET https://github.githubassets.com/assets/43563-7aa21454784bb732.js → pending (?ms, ?B)
[2026-08-15T09:59:14.074Z] GET https://github.githubassets.com/assets/87093-0538a2f0e7076446.js → pending (?ms, ?B)
[2026-08-15T09:59:14.074Z] GET https://github.githubassets.com/assets/95685-4bba5b9eb357f56c.js → pending (?ms, ?B)
[2026-08-15T09:59:14.074Z] GET https://github.githubassets.com/assets/16946-5d0719568573cb8f.js → pending (?ms, ?B)
[2026-08-15T09:59:14.074Z] GET https://github.githubassets.com/assets/55240-de5499b5e0462c82.js → pending (?ms, ?B)
[2026-08-15T09:59:14.074Z] GET https://github.githubassets.com/assets/88118-7a8d2d09965cb950.js → pending (?ms, ?B)
[2026-08-15T09:59:14.074Z] GET https://github.githubassets.com/assets/81976-f069f0ebe08dca02.js → pending (?ms, ?B)
[2026-08-15T09:59:14.074Z] GET https://github.githubassets.com/assets/69625-6ec8011c4978d8c1.js → pending (?ms, ?B)
[2026-08-15T09:59:14.074Z] GET https://github.githubassets.com/assets/28375-e1d7afe712586960.js → pending (?ms, ?B)
[2026-08-15T09:59:14.074Z] GET https://github.githubassets.com/assets/78804-a22338505678eba5.js → pending (?ms, ?B)
[2026-08-15T09:59:14.074Z] GET https://github.githubassets.com/assets/95194-2a1e08c6c2584d56.js → pending (?ms, ?B)
[2026-08-15T09:59:14.074Z] GET https://github.githubassets.com/assets/90227-65109ca9a6b0e850.js → pending (?ms, ?B)
[2026-08-15T09:59:14.074Z] GET https://github.githubassets.com/assets/1834-ded757efea1d0f4d.js → pending (?ms, ?B)
[2026-08-15T09:59:14.074Z] GET https://github.githubassets.com/assets/68616-8be8ef140f4387dc.js → pending (?ms, ?B)
[2026-08-15T09:59:14.074Z] GET https://github.githubassets.com/assets/47752-da3e60da14845409.js → pending (?ms, ?B)
[2026-08-15T09:59:14.074Z] GET https://github.githubassets.com/assets/20188-57777eda6818bf51.js → pending (?ms, ?B)
[2026-08-15T09:59:14.074Z] GET https://github.githubassets.com/assets/79095-b2985c3e266eb3ac.js → pending (?ms, ?B)
[2026-08-15T09:59:14.074Z] GET https://github.githubassets.com/assets/7126-07d46d7c30d89ce8.js → pending (?ms, ?B)
[2026-08-15T09:59:14.074Z] GET https://github.githubassets.com/assets/2850-0ab48fcfc40b922d.js → pending (?ms, ?B)
[2026-08-15T09:59:14.074Z] GET https://github.githubassets.com/assets/40039-24cfd6c5c8d82b2a.js → pending (?ms, ?B)
[2026-08-15T09:59:14.074Z] GET https://github.githubassets.com/assets/72373-ed50baca9b83c223.js → pending (?ms, ?B)
[2026-08-15T09:59:14.074Z] GET https://github.githubassets.com/assets/code-view-94f0c64bf516985a.js → pending (?ms, ?B)
[2026-08-15T09:59:14.075Z] GET https://github.githubassets.com/assets/primer-react-css.5f9c19d1f6c8e3e3.module.css → pending (?ms, ?B)
[2026-08-15T09:59:14.075Z] GET https://github.githubassets.com/assets/28375.3135372361979447.module.css → pending (?ms, ?B)
[2026-08-15T09:59:14.075Z] GET https://github.githubassets.com/assets/72373.ae4a2d27dcd55d89.module.css → pending (?ms, ?B)
[2026-08-15T09:59:14.075Z] GET https://github.githubassets.com/assets/code-view.0a2c013695e9601c.module.css → pending (?ms, ?B)
[2026-08-15T09:59:14.075Z] GET https://github.githubassets.com/assets/80897-4b57a0d58a611ba8.js → pending (?ms, ?B)
[2026-08-15T09:59:14.075Z] GET https://github.githubassets.com/assets/notifications-subscriptions-menu-033d099a23f9a744.js → pending (?ms, ?B)
[2026-08-15T09:59:14.075Z] GET https://github.githubassets.com/assets/notifications-subscriptions-menu.4598007dc9451a6a.module.css → pending (?ms, ?B)
[2026-08-15T09:59:14.076Z] GET https://github.githubassets.com/assets/24383-a0d18af3f92d963f.js → pending (?ms, ?B)
[2026-08-15T09:59:14.076Z] GET https://github.githubassets.com/assets/keyboard-shortcuts-dialog-59cd79caaf969025.js → pending (?ms, ?B)
[2026-08-15T09:59:14.076Z] GET https://github.githubassets.com/assets/keyboard-shortcuts-dialog.86ce4aa5b6d2919e.module.css → pending (?ms, ?B)
[2026-08-15T09:59:14.076Z] GET https://github.githubassets.com/assets/42179-3431b8cbd631667c.js → pending (?ms, ?B)
[2026-08-15T09:59:14.077Z] GET https://github.githubassets.com/assets/97662-3287389963328ab8.js → pending (?ms, ?B)
[2026-08-15T09:59:14.077Z] GET https://github.githubassets.com/assets/71236-18053476e03a7169.js → pending (?ms, ?B)
[2026-08-15T09:59:14.077Z] GET https://github.githubassets.com/assets/54266-a243da4179a94260.js → pending (?ms, ?B)
[2026-08-15T09:59:14.077Z] GET https://github.githubassets.com/assets/9739-18f0a7d6cdb8c8ea.js → pending (?ms, ?B)
[2026-08-15T09:59:14.077Z] GET https://github.githubassets.com/assets/24360-79deb141ba3dfbc7.js → pending (?ms, ?B)
[2026-08-15T09:59:14.077Z] GET https://github.githubassets.com/assets/43403-f063f234bcdcf729.js → pending (?ms, ?B)
[2026-08-15T09:59:14.077Z] GET https://github.githubassets.com/assets/78907-94a849ad78524b7f.js → pending (?ms, ?B)
[2026-08-15T09:59:14.077Z] GET https://github.githubassets.com/assets/marketing-header-f62462edd43c30a7.js → pending (?ms, ?B)
[2026-08-15T09:59:14.077Z] GET https://github.githubassets.com/assets/primer-react-brand-css.566b06f97d781cc2.module.css → pending (?ms, ?B)
[2026-08-15T09:59:14.077Z] GET https://github.githubassets.com/assets/marketing-header.d83180457f350fa7.module.css → pending (?ms, ?B)
[2026-08-15T09:59:15.972Z] GET https://github.githubassets.com/assets/chunk-lazy-element-select-panel-41aa0dbd0a85c593.js → 200 (424ms, 18108B)
[2026-08-15T09:59:15.972Z] GET https://github.githubassets.com/assets/chunk-lazy-element-toggle-switch-019ea4b9645a7517.js → 200 (424ms, 836B)
[2026-08-15T09:59:15.972Z] GET https://github.githubassets.com/assets/23187-fe5e64e2ede633c0.js → 200 (425ms, 32424B)
[2026-08-15T09:59:15.972Z] GET https://github.githubassets.com/assets/chunk-lazy-element-cookie-consent-link-a8f27c8da4f9594f.js → 200 (425ms, 373B)
[2026-08-15T09:59:15.972Z] GET https://github.githubassets.com/assets/chunk-lazy-element-ghcc-consent-cdc8b21ac0b18cd0.js → 200 (426ms, 671B)
[2026-08-15T09:59:15.972Z] GET https://github.githubassets.com/assets/chunk-lazy-element-markdown-accessiblity-table-0f003bc616f605d2.js → 200 (426ms, 668B)
[2026-08-15T09:59:15.972Z] GET https://github.githubassets.com/assets/38963.a0aeb178e2bc553c.module.css → 200 (330ms, 311B)
[2026-08-15T09:59:15.978Z] GET https://github.githubassets.com/assets/chunk-lazy-react-partial-keyboard-shortcuts-dialog-5eab2857c522f2ad.js → 200 (421ms, 3511B)
[2026-08-15T09:59:15.978Z] GET https://github.githubassets.com/assets/7207.a48342d02667d0bd.module.css → 200 (325ms, 16428B)
[2026-08-15T09:59:16.086Z] GET https://github.githubassets.com/assets/chunk-93080-8ff03ff5fb5bf0ba.js → 200 (313ms, 5586B)
[2026-08-15T09:59:16.086Z] GET https://github.githubassets.com/assets/chunk-48493-ae4ea3a0068d75a2.js → 200 (313ms, 68906B)
[2026-08-15T09:59:16.300Z] GET https://github.com/samz905/pudding/deferred-metadata/main/receipts/v0-core-2026-08-15.md → 200 (465ms, 219B)
[2026-08-15T09:59:16.300Z] GET https://github.com/samz905/pudding/latest-commit/main/receipts/v0-core-2026-08-15.md → 200 (432ms, 1237B)
[2026-08-15T09:59:16.340Z] GET https://github.githubassets.com/assets/chunk-lazy-element-webauthn-get-b1d14f2283ee4170.js → 200 (188ms, 8267B)
[2026-08-15T09:59:16.435Z] POST https://collector.github.com/github/collect → pending (?ms, ?B)
[2026-08-15T09:59:16.638Z] GET https://github.com/samz905/pudding/refs?type=branch → pending (?ms, ?B)
[2026-08-15T09:59:16.638Z] GET https://github.com/samz905/pudding/refs?type=branch → pending (?ms, ?B)
[2026-08-15T09:59:16.696Z] POST https://api.github.com/_private/browser/stats → pending (?ms, ?B)
[2026-08-15T09:59:16.702Z] GET https://github.githubassets.com/assets/57741.9b581fd2e0e95798.module.css → pending (?ms, ?B)
[2026-08-15T09:59:16.702Z] GET https://github.githubassets.com/assets/chunk-57741-fbcc64733bb288ca.js → pending (?ms, ?B)
[2026-08-15T09:59:16.765Z] GET https://avatars.githubusercontent.com/u/52416785?v=4&size=40 → pending (?ms, ?B)
[2026-08-15T09:59:18.977Z] POST https://collector.github.com/github/collect → 204 (696ms, ?B)
[2026-08-15T10:18:47.677Z] POST https://collector.github.com/github/collect → pending (?ms, ?B)
[2026-08-15T10:18:52.632Z] POST https://collector.github.com/github/collect → 204 (297ms, ?B)
